(XnaiveX:0.0,21b731a2d0-igh:0.0,234cd4f13e-igh:0.0,66a3e1ee24-igh:0.0,84c4e8ff1b-igh:0.0,b00d52a391-igh:0.0,b9915cda20-igh:0.0,c1f13fac89-igh:0.0,ca712612fd-igh:0.0,e17400a0e0-igh:0.0,f4d5c298d2-igh:0.0);
