((3d33da0427-igh:0.02340,(8712a04c86-igh:0.00578,(cec2fa39f4-igh:0.0,ed6f8d17b2-igh:0.0):0.00055)0.852:0.00577)0.829:0.00053,((ca71010784-igh:0.00579,(152c08bf7c-igh:0.00289,28ecc28d80-igh:0.00055)0.420:0.00055)0.951:0.00869,(5ca050f96b-igh:0.01163,dee7437025-igh:0.01167)0.903:0.00577)0.639:0.00055,(39735e53de-igh:0.00578,XnaiveX:0.00055)0.872:0.00055);
