((XnaiveX:0.0,42e64c9f2e-igh:0.0,7696f9142c-igh:0.0,936d128c00-igh:0.0,959889c67e-igh:0.0,c8a0eb2097-igh:0.0,fa01519d02-igh:0.0,fb75754fa0-igh:0.0,27af9ad3d4-igh:0.0,3794fc726e-igh:0.0):0.00848,207c08bd32-igh:0.00848);
