(XnaiveX:0.0,21b731a2d0-igl:0.0,234cd4f13e-igl:0.0,66a3e1ee24-igl:0.0,84c4e8ff1b-igl:0.0,b00d52a391-igl:0.0,b9915cda20-igl:0.0,c1f13fac89-igl:0.0,ca712612fd-igl:0.0,e17400a0e0-igl:0.0,f4d5c298d2-igl:0.0);
