(XnaiveX:0.0,07f84b018e-igk:0.0,25cd272aba-igk:0.0,6385edc10e-igk:0.0,7be03be402-igk:0.0,85b221334a-igk:0.0,8e075d8103-igk:0.0,92e91857d4-igk:0.0,a4cc85ce95-igk:0.0,c8f2fb3a38-igk:0.0,e737b9377e-igk:0.0,fbc87f0c82-igk:0.0,58ff82eb10-igk:0.0,5bea0a0ed3-igk:0.0,7db5c5724a-igk:0.0,cefdb5c244-igk:0.0,d65f313b65-igk:0.0,e9a456a681-igk:0.0);
