(XnaiveX:0.0,303d4085a0-igk:0.0,3204353335-igk:0.0,5b1705b9e0-igk:0.0,b52be778dd-igk:0.0,bd6c895520-igk:0.0,ce9d7f7dbc-igk:0.0,e0a0ffec99-igk:0.0,25b6cfbefe-igk:0.0,03771aedc0-igk:0.0,107690d08b-igk:0.0,1ac08297e5-igk:0.0,27d6daff2f-igk:0.0,4b1a3f429e-igk:0.0,67363a45d1-igk:0.0,a6e9dd23c9-igk:0.0);
