((XnaiveX:0.0,14bf747296-igh:0.0,28ce45b82a-igh:0.0,30abb40e03-igh:0.0,4eee01d8c1-igh:0.0,54b5b47250-igh:0.0,59190a0e56-igh:0.0,66a593d241-igh:0.0,6aa0cf6a13-igh:0.0,7f7672816a-igh:0.0,92415943d5-igh:0.0,92dfb3a2de-igh:0.0,9af888d23e-igh:0.0,a78bcbaa64-igh:0.0,b0fb8c4d8b-igh:0.0,c84fe529c2-igh:0.0,26e472c397-igh:0.0):0.01121,44211e864a-igh:0.00055,ea35eb897b-igh:0.00594);
