(XnaiveX:0.0,0672664c50-igh:0.0,35fc655801-igh:0.0,6c897f6d54-igh:0.0,89cf6fd1da-igh:0.0,8bf1825cb1-igh:0.0,9633a1cff7-igh:0.0,a4197ef4d6-igh:0.0,b985e6e94e-igh:0.0,c1fec1c7ee-igh:0.0,d6e6421601-igh:0.0,84520e76b5-igh:0.0);
