(XnaiveX:0.04030,((73b7148c7e-igh:0.03805,(9ed10b6475-igh:0.02286,aa25e6c0ce-igh:0.01462)0.854:0.01480)0.925:0.01602,(4d37fe487e-igh:0.04618,7588f09c07-igh:0.02501)0.816:0.00813)0.958:0.02095,(ddcf0ca433-igh:0.03390,(a2238f4e9a-igh:0.06077,(b02ee7754a-igh:0.00812,(8d79fca804-igh:0.00273,(d5ddf0c2ec-igh:0.01939,b1e56e40a1-igh:0.01656)0.546:0.00055)0.854:0.00054)0.953:0.02683)0.968:0.02831)0.586:0.00841);
