((d5ddf0c2ec-igl:0.00311,(0eb272ee70-igl:0.01564,(a2238f4e9a-igl:0.00626,(XnaiveX:0.01271,aa25e6c0ce-igl:0.01905)0.764:0.00306)0.894:0.00054)0.922:0.00920)0.638:0.00055,(b02ee7754a-igl:0.0,b1e56e40a1-igl:0.0):0.00055,(a3baa83300-igl:0.00313,8d79fca804-igl:0.00626)0.404:0.00055);
