((XnaiveX:0.0,6577576bb8-igk:0.0,665985d2d1-igk:0.0,6cf028b770-igk:0.0,c0fcfe005f-igk:0.0,c2cc9da0c3-igk:0.0,d1ee7f9ce6-igk:0.0):0.00158,4f03967793-igk:0.00158);
