(XnaiveX:0.00053,(f3509e0ef3-igh:0.00839,b997fa9304-igh:0.00053)0.996:0.02555,(453132f3ab-igh:0.03734,(f094dfd68a-igh:0.02262,(3a07b6f0a9-igh:0.01440,7334912e1e-igh:0.02607)0.756:0.00314)0.692:0.00806)0.619:0.00365);
