((XnaiveX:0.0,dcc6a48450-igk:0.0,577773b57d-igk:0.0,7230f7a64a-igk:0.0,7d4166ae48-igk:0.0,b374f7dd77-igk:0.0,c1ead9832e-igk:0.0,cfe3b29587-igk:0.0,dc78cbb7af-igk:0.0,f7eddbba3a-igk:0.0):0.00055,3c5f4c778a-igk:0.01464,71720a68f7-igk:0.84534);
