(XnaiveX:0.0,1d3b5e99a7-igh:0.0,296c50ab29-igh:0.0,2d53d4089e-igh:0.0,404bd2c1db-igh:0.0,5ae9fb4a8a-igh:0.0,5c6b83b080-igh:0.0,6110c1b238-igh:0.0,7db1a63783-igh:0.0,ac8201e16b-igh:0.0,b1db196920-igh:0.0,f035ea7051-igh:0.0,fbc62a592b-igh:0.0,219015f03a-igh:0.0,369b89b501-igh:0.0,4295daa7ac-igh:0.0,7e01d4b4f6-igh:0.0,938dced13c-igh:0.0,ceaa3be165-igh:0.0,d1ee25371f-igh:0.0);
