(XnaiveX:0.0,14bf747296_contig_igh+igk:0.0,28ce45b82a_contig_igh+igk:0.0,30abb40e03_contig_igh+igk:0.0,4eee01d8c1_contig_igh+igk:0.0,54b5b47250_contig_igh+igk:0.0,59190a0e56_contig_igh+igk:0.0,66a593d241_contig_igh+igk:0.0,6aa0cf6a13_contig_igh+igk:0.0,7f7672816a_contig_igh+igk:0.0,92415943d5_contig_igh+igk:0.0,92dfb3a2de_contig_igh+igk:0.0,9af888d23e_contig_igh+igk:0.0,a78bcbaa64_contig_igh+igk:0.0,b0fb8c4d8b_contig_igh+igk:0.0,c84fe529c2_contig_igh+igk:0.0);
