(XnaiveX:0.0,03d61046fc_contig_igh+igl:0.0,3b42129944_contig_igh+igl:0.0,45356d892b_contig_igh+igl:0.0,4c638ce0a0_contig_igh+igl:0.0,8e526c3ce8_contig_igh+igl:0.0,ba39edf063_contig_igh+igl:0.0,bd4dba64ce_contig_igh+igl:0.0,c1a8b9d284_contig_igh+igl:0.0,c1e27033a0_contig_igh+igl:0.0,c2026aeb67_contig_igh+igl:0.0,fd9f69874c_contig_igh+igl:0.0);
