(XnaiveX:0.0,1d3b5e99a7-igk:0.0,296c50ab29-igk:0.0,2d53d4089e-igk:0.0,404bd2c1db-igk:0.0,5ae9fb4a8a-igk:0.0,5c6b83b080-igk:0.0,6110c1b238-igk:0.0,7db1a63783-igk:0.0,ac8201e16b-igk:0.0,b1db196920-igk:0.0,f035ea7051-igk:0.0,fbc62a592b-igk:0.0);
