(XnaiveX:0.0,0d7575234a-igh:0.0,1de385032c-igh:0.0,657c6a602d-igh:0.0,67694388de-igh:0.0,6aaf9f116a-igh:0.0,84daff550c-igh:0.0,b7acf21689-igh:0.0,d27efa759c-igh:0.0,dbd07bdfc5-igh:0.0,df22339d53-igh:0.0,fb5177cbe1-igh:0.0);
