(c0fcfe005f-igh:0.00816,d1ee7f9ce6-igh:0.00271,(665985d2d1-igh:0.01049,(c2cc9da0c3-igh:0.05841,(XnaiveX:0.00550,(6cf028b770-igh:0.03785,(4f03967793-igh:0.03380,6577576bb8-igh:0.02188)0.794:0.00453)0.995:0.02527)0.741:0.00404)0.967:0.02158)0.870:0.00054);
