((XnaiveX:0.0,d27efa759c-igk:0.0,dbd07bdfc5-igk:0.0):0.00055,((1de385032c-igk:0.0,67694388de-igk:0.0,fb5177cbe1-igk:0.0):0.00313,((0d7575234a-igk:0.0,021cc021e5-igk:0.0):0.00055,657c6a602d-igk:0.00314)0.827:0.00315)0.452:0.00055,((6aaf9f116a-igk:0.0,b7acf21689-igk:0.0,df22339d53-igk:0.0):0.00314,84daff550c-igk:0.00315)0.320:0.00055);
