(XnaiveX:0.0,233cb21c42-igh:0.0,32a352df5e-igh:0.0,5c3b002191-igh:0.0,61da4d045d-igh:0.0,6748ddc2ff-igh:0.0,6973022094-igh:0.0,974a893687-igh:0.0,a9971378e1-igh:0.0,bda5bf733e-igh:0.0,2d49beaffa-igh:0.0);
