((XnaiveX:0.0,14bf747296-igk:0.0,28ce45b82a-igk:0.0,30abb40e03-igk:0.0,4eee01d8c1-igk:0.0,54b5b47250-igk:0.0,59190a0e56-igk:0.0,66a593d241-igk:0.0,6aa0cf6a13-igk:0.0,7f7672816a-igk:0.0,92415943d5-igk:0.0,92dfb3a2de-igk:0.0,9af888d23e-igk:0.0,a78bcbaa64-igk:0.0,b0fb8c4d8b-igk:0.0,c84fe529c2-igk:0.0,910ef5add2-igk:0.0,ec0c222bf9-igk:0.0):0.00157,(293cefd918-igk:0.0,307454daed-igk:0.0,d6eba7d060-igk:0.0):0.00157);
