(b1e56e40a1-igh:0.01659,(8d79fca804-igh:0.00055,a3baa83300-igh:0.00825)0.827:0.00274,(b02ee7754a-igh:0.00799,(a2238f4e9a-igh:0.06353,(XnaiveX:0.02221,(0eb272ee70-igh:0.06480,(aa25e6c0ce-igh:0.01292,9ed10b6475-igh:0.02397)0.979:0.03193)0.872:0.01250)0.959:0.02093)0.963:0.02002)0.966:0.00054);
