((XnaiveX:0.0,0672664c50-igk:0.0,35fc655801-igk:0.0,6c897f6d54-igk:0.0,89cf6fd1da-igk:0.0,8bf1825cb1-igk:0.0,9633a1cff7-igk:0.0,a4197ef4d6-igk:0.0,b985e6e94e-igk:0.0,c1fec1c7ee-igk:0.0,d6e6421601-igk:0.0,372c6f84da-igk:0.0,418838eefb-igk:0.0,45856ab9c1-igk:0.0,51c4c0cd70-igk:0.0,6055cac935-igk:0.0,7a39f4eb51-igk:0.0,835299b55a-igk:0.0,9ee338f25d-igk:0.0):0.00644,12103f5d48-igk:0.00644);
