(XnaiveX:0.0,14195e4958-igl:0.0,21cea6e4d0-igl:0.0,57537e5f22-igl:0.0,20909c3943-igl:0.0,8807c8ff04-igl:0.0,971ac047ee-igl:0.0);
