((XnaiveX:0.0,03d61046fc-igh:0.0,3b42129944-igh:0.0,45356d892b-igh:0.0,4c638ce0a0-igh:0.0,8e526c3ce8-igh:0.0,ba39edf063-igh:0.0,bd4dba64ce-igh:0.0,c1a8b9d284-igh:0.0,c1e27033a0-igh:0.0,c2026aeb67-igh:0.0,fd9f69874c-igh:0.0):0.00303,26e472c397-igh:0.00303);
