(XnaiveX:0.0,07f84b018e-igh:0.0,25cd272aba-igh:0.0,6385edc10e-igh:0.0,7be03be402-igh:0.0,85b221334a-igh:0.0,8e075d8103-igh:0.0,92e91857d4-igh:0.0,a4cc85ce95-igh:0.0,c8f2fb3a38-igh:0.0,e737b9377e-igh:0.0,fbc87f0c82-igh:0.0,6aff6ca739-igh:0.0,8683cea4f0-igh:0.0);
