(XnaiveX:0.0,03d61046fc-igl:0.0,3b42129944-igl:0.0,45356d892b-igl:0.0,4c638ce0a0-igl:0.0,8e526c3ce8-igl:0.0,ba39edf063-igl:0.0,bd4dba64ce-igl:0.0,c1a8b9d284-igl:0.0,c1e27033a0-igl:0.0,c2026aeb67-igl:0.0,fd9f69874c-igl:0.0,3c64557340-igl:0.0,84a882c251-igl:0.0,8e0bab56a8-igl:0.0,f9d206fef2-igl:0.0);
