(XnaiveX:0.0,0a61cb02ec-igh:0.0,3a631fffca-igh:0.0,5797e3f4d2-igh:0.0,771472b9c9-igh:0.0,7f77ae062e-igh:0.0,94660987cf-igh:0.0,b05ffd59f0-igh:0.0,dc16f8d9b1-igh:0.0,f64be725ca-igh:0.0,740973e969-igh:0.0,8b587f29a0-igh:0.0);
