((b2e2fbf4ab_contig_igh+igl:0.00149,eda479fd55_contig_igh+igl:0.00149)0.771:0.00150,7f7af1e5d9_contig_igh+igl:0.00055,((0e3b465730_contig_igh+igl:0.00300,(80580253c2_contig_igh+igl:0.00601,(ce237bd415_contig_igh+igl:0.00150,(XnaiveX:0.00055,(145b25a76b_contig_igh+igl:0.01981,(0073304adc_contig_igh+igl:0.00600,(9709bc5aa6_contig_igh+igl:0.00301,(d9254baa1c_contig_igh+igl:0.00148,63112ea43c_contig_igh+igl:0.00449)0.130:0.00055)0.807:0.00151)0.773:0.00147)0.870:0.00301)0.824:0.00150)0.343:0.00055)0.792:0.00150)0.794:0.00149,1a84d3474b_contig_igh+igl:0.00299)0.121:0.00055);
