((XnaiveX:0.0,0a61cb02ec-igl:0.0,3a631fffca-igl:0.0,5797e3f4d2-igl:0.0,771472b9c9-igl:0.0,7f77ae062e-igl:0.0,94660987cf-igl:0.0,b05ffd59f0-igl:0.0,dc16f8d9b1-igl:0.0,f64be725ca-igl:0.0,15c0b20b4a-igl:0.0,1f77cc749e-igl:0.0,5b236b5433-igl:0.0,b3dd4cd4a8-igl:0.0):0.00791,2eff2e976e-igl:0.00791);
