((XnaiveX:0.0,3a07b6f0a9-igk:0.0,7334912e1e-igk:0.0,f3509e0ef3-igk:0.0,4219142930-igk:0.0,9c1dc5e656-igk:0.0):0.00055,453132f3ab-igk:0.00317,f094dfd68a-igk:0.00317);
