(2e0a79ed2d-igk:0.01497,(c55ee87285-igk:0.00895,2f8159a31d-igk:0.01503)0.856:0.00593,(((5220a780bb-igk:0.0,8a8accb2dc-igk:0.0):0.00896,(a4d9b0f2e3-igk:0.01505,bcf75ad5cb-igk:0.01188)0.993:0.02758)0.940:0.01200,(XnaiveX:0.01825,(e82c2853d6-igk:0.02464,(fe7d62fb7a-igk:0.01194,d5639eb63f-igk:0.01198)0.741:0.00259)0.998:0.03087)0.858:0.00577)0.756:0.00294);
