(4ef071ea7c-igh:0.00851,(3c5f4c778a-igh:0.06144,71720a68f7-igh:0.03336)0.789:0.00482,(XnaiveX:0.00055,(577773b57d-igh:0.0,7230f7a64a-igh:0.0,7d4166ae48-igh:0.0,b374f7dd77-igh:0.0,c1ead9832e-igh:0.0,cfe3b29587-igh:0.0,dc78cbb7af-igh:0.0,f7eddbba3a-igh:0.0,e900e3e1e9-igh:0.0):0.00287)0.936:0.00055);
