(1a84d3474b-igl:0.00644,(0e3b465730-igl:0.00648,(80580253c2-igl:0.01295,(ce237bd415-igl:0.00321,(XnaiveX:0.00054,(145b25a76b-igl:0.04339,((9709bc5aa6-igl:0.00644,(63112ea43c-igl:0.00965,d9254baa1c-igl:0.00321)0.105:0.00055)0.788:0.00322,(0073304adc-igl:0.00974,ab69267b4b-igl:0.00975)0.772:0.00319)0.772:0.00311)0.898:0.00656)0.837:0.00321)0.540:0.00051)0.783:0.00320)0.790:0.00321,(7f7af1e5d9-igl:0.00055,(b2e2fbf4ab-igl:0.00322,eda479fd55-igl:0.00322)0.793:0.00321)0.375:0.00055);
