(3c5f4c778a_contig_igh+igk:0.04050,(4ef071ea7c-igh+dcc6a48450-igk:0.00395,71720a68f7_contig_igh+igk:0.33533)0.037:0.00055,(XnaiveX:0.00055,(577773b57d_contig_igh+igk:0.0,7230f7a64a_contig_igh+igk:0.0,7d4166ae48_contig_igh+igk:0.0,b374f7dd77_contig_igh+igk:0.0,c1ead9832e_contig_igh+igk:0.0,cfe3b29587_contig_igh+igk:0.0,dc78cbb7af_contig_igh+igk:0.0,f7eddbba3a_contig_igh+igk:0.0):0.00145)0.870:0.00055);
