(73b7148c7e-igl:0.01555,(4d37fe487e-igl:0.01556,7588f09c07-igl:0.00618)0.779:0.00307,((9ed10b6475-igl:0.00311,aa25e6c0ce-igl:0.01252)0.787:0.00310,((a2238f4e9a-igl:0.00626,(0eb272ee70-igl:0.01558,(d5ddf0c2ec-igl:0.00311,(b1e56e40a1-igl:0.00055,(8d79fca804-igl:0.00624,a3baa83300-igl:0.00310)0.907:0.00055)0.900:0.00055)0.903:0.00912)0.893:0.00053)0.837:0.00310,(XnaiveX:0.01258,(ddcf0ca433-igl:0.00623,253ca59333-igl:0.00055)0.826:0.00309)0.415:0.00055)0.827:0.00310)0.355:0.00055);
