((XnaiveX:0.0,303d4085a0-igh:0.0,3204353335-igh:0.0,5b1705b9e0-igh:0.0,b52be778dd-igh:0.0,bd6c895520-igh:0.0,ce9d7f7dbc-igh:0.0,e0a0ffec99-igh:0.0,1ed69d5cb4-igh:0.0,7307ea6392-igh:0.0):0.00396,ec4e415d18-igh:0.00396);
