((6a189d9d97-igk:0.0,d2d205833c-igk:0.0):0.00055,aceea61454-igk:0.00298,((14e8eeed84-igk:0.0,61e0b487e5-igk:0.0,8e1e4d352b-igk:0.0,8ed52d6154-igk:0.0,f445266d7b-igk:0.0,1871cdbc54-igk:0.0):0.00295,(XnaiveX:0.00055,e2bf2000dd-igk:0.01505)0.819:0.00295)0.746:0.00055);
