(XnaiveX:0.0,152c08bf7c-igk:0.0,28ecc28d80-igk:0.0,39735e53de-igk:0.0,3d33da0427-igk:0.0,5ca050f96b-igk:0.0,8712a04c86-igk:0.0,ca71010784-igk:0.0,cec2fa39f4-igk:0.0,dee7437025-igk:0.0,ccc6c22522-igk:0.0,dbdb4c2353-igk:0.0);
