(XnaiveX:0.0,07f84b018e_contig_igh+igk:0.0,25cd272aba_contig_igh+igk:0.0,6385edc10e_contig_igh+igk:0.0,7be03be402_contig_igh+igk:0.0,85b221334a_contig_igh+igk:0.0,8e075d8103_contig_igh+igk:0.0,92e91857d4_contig_igh+igk:0.0,a4cc85ce95_contig_igh+igk:0.0,c8f2fb3a38_contig_igh+igk:0.0,e737b9377e_contig_igh+igk:0.0,fbc87f0c82_contig_igh+igk:0.0);
