((XnaiveX:0.0,d27efa759c_contig_igh+igk:0.0,dbd07bdfc5_contig_igh+igk:0.0):0.00055,(84daff550c_contig_igh+igk:0.00145,(0d7575234a_contig_igh+igk:0.00055,657c6a602d_contig_igh+igk:0.00145)0.782:0.00145)0.368:0.00055,((1de385032c_contig_igh+igk:0.0,67694388de_contig_igh+igk:0.0,fb5177cbe1_contig_igh+igk:0.0):0.00145,(6aaf9f116a_contig_igh+igk:0.0,b7acf21689_contig_igh+igk:0.0,df22339d53_contig_igh+igk:0.0):0.00146)0.721:0.00055);
