(XnaiveX:0.0,0073304adc-igh:0.0,0e3b465730-igh:0.0,145b25a76b-igh:0.0,1a84d3474b-igh:0.0,63112ea43c-igh:0.0,7f7af1e5d9-igh:0.0,80580253c2-igh:0.0,9709bc5aa6-igh:0.0,b2e2fbf4ab-igh:0.0,ce237bd415-igh:0.0,d9254baa1c-igh:0.0,eda479fd55-igh:0.0,3d557472c1-igh:0.0,4e1abcafb2-igh:0.0,8a92cc37c0-igh:0.0,d98f9706c3-igh:0.0);
