(ddcf0ca433_contig_igh+igl:0.02259,(a2238f4e9a_contig_igh+igl:0.03421,(d5ddf0c2ec_contig_igh+igl:0.01164,(8d79fca804_contig_igh+igl:0.00438,b1e56e40a1_contig_igh+igl:0.00878)0.911:0.00055)0.990:0.01900)0.977:0.01567,(XnaiveX:0.02735,((73b7148c7e_contig_igh+igl:0.02746,(9ed10b6475_contig_igh+igl:0.01334,aa25e6c0ce_contig_igh+igl:0.01386)0.911:0.00933)0.903:0.00804,(4d37fe487e_contig_igh+igl:0.03141,7588f09c07_contig_igh+igl:0.01612)0.908:0.00594)0.979:0.01214)0.564:0.00437);
