((XnaiveX:0.0,44a2d137f4-igh:0.0,450a2844e5-igh:0.0,6b514fff99-igh:0.0,6c21ff3dab-igh:0.0,bbb44c134e-igh:0.0,c33b5cf313-igh:0.0,e4d95be552-igh:0.0,f5646dcb99-igh:0.0,fc19f1dc35-igh:0.0,4b854270ae-igh:0.0):0.00142,4e231d92e6-igh:0.00142);
